
> swiparr@0.1.64 build
> next build

▲ Next.js 16.1.1 (Turbopack)
- Environments: .env

  Creating an optimized production build ...
✓ Compiled successfully in 8.6s
  Running TypeScript ...
  Collecting page data using 9 workers ...
DB connecting to: /app/data/swiparr.db
DB connecting to: /app/data/swiparr.db
DB connecting to: /app/data/swiparr.db
DB connecting to: /app/data/swiparr.db
TypeError: Cannot open database because the directory does not exist
    at module evaluation (.next/server/chunks/_2b287816._.js:14:30129)
    at instantiateModule (.next/server/chunks/[turbopack]_runtime.js:740:9)
    at getOrInstantiateModuleFromParent (.next/server/chunks/[turbopack]_runtime.js:763:12)
    at Context.esmImport [as i] (.next/server/chunks/[turbopack]_runtime.js:228:20)
    at instantiateModule (.next/server/chunks/[turbopack]_runtime.js:740:9)
    at getOrInstantiateModuleFromParent (.next/server/chunks/[turbopack]_runtime.js:763:12)
    at Context.esmImport [as i] (.next/server/chunks/[turbopack]_runtime.js:228:20)
    at module evaluation (.next/server/chunks/[root-of-the-server]__c69de93c._.js:1:5577)
TypeError: Cannot open database because the directory does not exist
    at module evaluation (.next/server/chunks/_2b287816._.js:14:30129)
    at instantiateModule (.next/server/chunks/[turbopack]_runtime.js:740:9)
    at getOrInstantiateModuleFromParent (.next/server/chunks/[turbopack]_runtime.js:763:12)
    at Context.esmImport [as i] (.next/server/chunks/[turbopack]_runtime.js:228:20)
    at instantiateModule (.next/server/chunks/[turbopack]_runtime.js:740:9)
    at getOrInstantiateModuleFromParent (.next/server/chunks/[turbopack]_runtime.js:763:12)
    at Context.esmImport [as i] (.next/server/chunks/[turbopack]_runtime.js:228:20)
    at module evaluation (.next/server/chunks/[root-of-the-server]__2951c2f0._.js:1:3644)

> Build error occurred
Error: Failed to collect page data for /api/auth/logout
    at ignore-listed frames {
  type: 'Error'
}
